// Jest Snapshot v1, https://goo.gl/fbAQLP

exports[`renders the component 1`] = `
<div
  className="mt50 col-md-8 offset-md-2"
>
  <div
    className="mt50 searching col-md-4 offset-md-4"
  />
  <div
    className="mt50 text-center"
  >
    Enter a login, a name or company you are looking for
  </div>
</div>
`;
